?   	slowquery-advisor	[no test files]
ok  	slowquery-advisor/internal/analysis	(cached)
ok  	slowquery-advisor/internal/fingerprint	(cached)
ok  	slowquery-advisor/internal/parse	(cached)
?   	slowquery-advisor/internal/report	[no test files]
